ets Jul 29 2019 1ï¿½ets Jul 29 2019 12:21:46

rst:0x1 (POWERON_RESET),boot:0x13 (SPI_FAST_FLASH_BOOT)
configsip: 0, SPIWP:0xee
clk_drv:0x00,q_drv:0x00,d_drv:0x00,cs0_drv:0x00,hd_drv:0x00,wp_drv:0x00
mode:DIO, clock div:1
load:0x3fff0030,len:7524
load:0x40078000,len:16552
load:0x40080400,len:4
load:0x40080404,len:4312
entry 0x4008065c
[0;32mI (29) boot: ESP-IDF v5.3-dev-3225-g5a40bb8746 2nd stage bootloader[0m
[0;32mI (29) boot: compile time May 11 2024 22:03:28[0m
[0;32mI (31) boot: Multicore bootloader[0m
[0;32mI (35) boot: chip revision: v3.1[0m
[0;32mI (39) qio_mode: Enabling default flash chip QIO[0m
[0;32mI (44) boot.esp32: SPI Speed      : 80MHz[0m
[0;32mI (49) boot.esp32: SPI Mode       : QIO[0m
[0;32mI (53) boot.esp32: SPI Flash Size : 4MB[0m
[0;32mI (58) boot: Enabling RNG early entropy source...[0m
[0;32mI (63) boot: Partition Table:[0m
[0;32mI (67) boot: ## Label            Usage          Type ST Offset   Length[0m
[0;32mI (74) boot:  0 nvs              WiFi data        01 02 00009000 00006000[0m
[0;32mI (82) boot:  1 phy_init         RF data          01 01 0000f000 00001000[0m
[0;32mI (89) boot:  2 factory          factory app      00 00 00010000 00180000[0m
[0;32mI (97) boot: End of partition table[0m
[0;32mI (101) esp_image: segment 0: paddr=00010020 vaddr=3f400020 size=27390h (160656) map[0m
[0;32mI (151) esp_image: segment 1: paddr=000373b8 vaddr=3ffb0000 size=0221ch (  8732) load[0m
[0;32mI (153) esp_image: segment 2: paddr=000395dc vaddr=40080000 size=06a3ch ( 27196) load[0m
[0;32mI (165) esp_image: segment 3: paddr=00040020 vaddr=400d0020 size=23178h (143736) map[0m
[0;32mI (202) esp_image: segment 4: paddr=000631a0 vaddr=40086a3c size=09380h ( 37760) load[0m
[0;32mI (222) boot: Loaded app from partition at offset 0x10000[0m
[0;32mI (222) boot: Disabling RNG early entropy source...[0m
[0;32mI (233) cpu_start: Multicore app[0m
[0;32mI (233) quad_psram: This chip is ESP32-D0WD[0m
[0;32mI (233) esp_psram: Found 8MB PSRAM device[0m
[0;32mI (235) esp_psram: Speed: 80MHz[0m
[0;32mI (239) esp_psram: PSRAM initialized, cache is in low/high (2-core) mode.[0m
[0;33mW (247) esp_psram: Virtual address not enough for PSRAM, map as much as we can. 4MB is mapped[0m
[0;32mI (723) esp_psram: SPI SRAM memory test OK[0m
[0;32mI (730) cpu_start: Pro cpu start user code[0m
[0;32mI (730) cpu_start: cpu freq: 240000000 Hz[0m
[0;32mI (731) app_init: Application information:[0m
[0;32mI (733) app_init: Project name:     person_detection[0m
[0;32mI (739) app_init: App version:      1[0m
[0;32mI (743) app_init: Compile time:     May 11 2024 22:03:16[0m
[0;32mI (749) app_init: ELF file SHA256:  406f23af8...[0m
[0;32mI (755) app_init: ESP-IDF:          v5.3-dev-3225-g5a40bb8746[0m
[0;32mI (761) efuse_init: Min chip rev:     v0.0[0m
[0;32mI (766) efuse_init: Max chip rev:     v3.99 [0m
[0;32mI (771) efuse_init: Chip rev:         v3.1[0m
[0;32mI (776) heap_init: Initializing. RAM available for dynamic allocation:[0m
[0;32mI (783) heap_init: At 3FFAE6E0 len 00001920 (6 KiB): DRAM[0m
[0;32mI (789) heap_init: At 3FFB2F10 len 0002D0F0 (180 KiB): DRAM[0m
[0;32mI (795) heap_init: At 3FFE0440 len 00003AE0 (14 KiB): D/IRAM[0m
[0;32mI (802) heap_init: At 3FFE4350 len 0001BCB0 (111 KiB): D/IRAM[0m
[0;32mI (808) heap_init: At 4008FDBC len 00010244 (64 KiB): IRAM[0m
[0;32mI (814) esp_psram: Adding pool of 4096K of PSRAM memory to heap allocator[0m
[0;32mI (822) spi_flash: detected chip: generic[0m
[0;32mI (826) spi_flash: flash io: qio[0m
[0;32mI (831) main_task: Started on CPU0[0m
[0;32mI (841) main_task: Calling app_main()[0m
[0;32mI (841) [esp_cli]: Registering command: mem-dump[0m
[0;32mI (841) [esp_cli]: Initialising UART on port 0[0m
[0;32mI (841) [esp_cli]: Registering command: task-dump[0m
[0;32mI (841) uart: queue free spaces: 8[0m
[0;
32mI (851) [esp_cli]: Registering command: cpu-dump[0m
[0;32mI (861) [esp_cli]: Registering command: detect_image[0m
>> detect_image 0

0.000000 
0.996094 
[0;32mI (7251) [esp_cli]: Time required for the inference is 2 ms[0m

>> 